[WEB/INDEX.HTM]
[backblue.gif]
[fade.gif]
[index.html]
[WEB/INDEX_2.HTM]
[WEB/INDEX_4.HTM]
[WEB/INDEX_3.HTM]
[WEB/206.JSO]
[WEB/INDEX_5.HTM]
[WEB/XMLRPC0DB0.PHP]
[WEB/EMBED1C23.JSO]
[WEB/EMBEDD718]
[WEB/FBEVENTS.JS]
[WEB/TREC20.GIF]
[WEB/SEG.WEB]
[WEB/ARQUIVO_000_8_1_SCALED.JPG]
[WEB/IMG_3258_1_1_768X1024.JPG]
[WEB/IMG_2342_1_3_576X1024.JPG]
[WEB/BD192E63_4546_4617_A49F_52EF561.JPG]
[WEB/ARQUIVO_000_2_576X1024.PNG]
[WEB/C495C7C3_9103_4B68_BF88_8EC7F23.JPG]
[WEB/B7583137_CA28_4FA0_B6A8_4380C6C.JPG]
[WEB/CFFF4FD3_3B88_4CDF_B635_9B60125.JPG]
[WEB/PASSEIO_FILHOTE.JPG]
[WEB/SOCIALIZAR_O_SEU_CAO.JPG]
[WEB/GRUPO_VIP_TELEGRAM.PNG]
[WEB/CAPA_ESTRATEGIA_CLOSE_FRIENDS.PNG]
[WEB/EBOOK_CAO_BEM_RESOLVIDO_1_1.PNG]
[WEB/CERTIFICADO_CURSO_DE_ADESTRAMEN.PNG]
[WEB/ALIMENTACAO_NATURAL_PARA_CAES.JPG]
[WEB/ADESTRAMENTO_DE_GATOS_1.PNG]
[WEB/7_DIAS_1024X1024.PNG]
[WEB/WEBPACK_RUNTIME_MINAC9E.JS]
[WEB/JQUERY_MINAF6C.JS]
[WEB/JQUERY_MIGRATE_MIND617.JS]
[WEB/FRONTEND_MODULES_MINAC9E.JS]
[WEB/WAYPOINTS_MIN05DA.JS]
[WEB/CORE_MIN0028.JS]
[WEB/FRONTEND_MINAC9E.JS]
[WEB/INDEX.HTM]
[WEB/INDEX_2.HTM]
[WEB/CSS1C89.CSS]
[WEB/INDEX1E11.HTM]
[WEB/STYLE62EA.CSS]
[WEB/INDEX_5.HTM]
[WEB/206.JSO]
[WEB/IMG_2342_1_3_576X1024.JPG]
[WEB/IMG_3258_1_1_768X1024.JPG]
[WEB/ARQUIVO_000_8_1_SCALED.JPG]
[WEB/XMLRPC0DB0.PHP]
[WEB/ARQUIVO_000_2_576X1024.PNG]
[WEB/BD192E63_4546_4617_A49F_52EF561.JPG]
[WEB/ELEMENTOR_ICONS_MIN91CE.CSS]
[WEB/CFFF4FD3_3B88_4CDF_B635_9B60125.JPG]
[WEB/B7583137_CA28_4FA0_B6A8_4380C6C.JPG]
[WEB/SOCIALIZAR_O_SEU_CAO.JPG]
[WEB/CAPA_ESTRATEGIA_CLOSE_FRIENDS.PNG]
[WEB/EBOOK_CAO_BEM_RESOLVIDO_1_1.PNG]
[WEB/FRONTEND_LITE_MINAC9E.CSS]
[WEB/POST_5EAC8.CSS]
[WEB/GLOBALEAC8.CSS]
[WEB/EMBEDD718]
[WEB/EMBED1C23.JSO]
[WEB/ADESTRAMENTO_DE_GATOS_1.PNG]
[WEB/7_DIAS_1024X1024.PNG]
[WEB/JQUERY_MINAF6C.JS]
[WEB/ALIMENTACAO_NATURAL_PARA_CAES.JPG]
[WEB/POST_2067F9E.CSS]
[WEB/FONTAWESOME_MIN52D5.CSS]
[WEB/PLACEHOLDER.PNG]
[WEB/REGULAR_MIN52D5.CSS]
[WEB/SOLID_MIN52D5.CSS]
[WEB/WLWMANIFEST.HTM]
[WEB/B]
[WEB/POST]
[WEB/FBEVENTS.JS]
[WEB/WIDGET_ICON_BOX_MIN.CSS]
[WEB/ANIMATIONS_MINAC9E.CSS]
[WEB/EICONS1075.SVG]
[WEB/FA_REGULAR_400.SVG]
[WEB/FA_SOLID_900.SVG]
[WEB/B.HTM]
[WEB/POST.HTM]
